C51 COMPILER V9.59.0.0   MAIN                                                              11/16/2024 21:34:07 PAGE 1   


C51 COMPILER V9.59.0.0, COMPILATION OF MODULE MAIN
OBJECT MODULE PLACED IN .\Objects\main.obj
COMPILER INVOKED BY: D:\RJ\Keil5\C51\BIN\C51.EXE main.c OPTIMIZE(8,SPEED) BROWSE INCDIR(D:\RJ\Keil5\C51\INC;D:\RJ\Keil5\
                    -C51\INC\Atmel) DEBUG OBJECTEXTEND PRINT(.\Listings\main.lst) TABS(2) OBJECT(.\Objects\main.obj)

line level    source

   1          #include "Delay.h"
   2          
   3          void main()
   4          {
   5   1        MatrixLED_Init();
   6   1        while (1)
   7   1        {
   8   2          MatrixLED_Show(0, 0x3C);
   9   2          MatrixLED_Show(1, 0x42);
  10   2          MatrixLED_Show(2, 0xA9);
  11   2          MatrixLED_Show(3, 0x85);
  12   2          MatrixLED_Show(4, 0x85);
  13   2          MatrixLED_Show(5, 0xA9);
  14   2          MatrixLED_Show(6, 0x42);
  15   2          MatrixLED_Show(7, 0x3C);
  16   2        }
  17   1      }


MODULE INFORMATION:   STATIC OVERLAYABLE
   CODE SIZE        =     61    ----
   CONSTANT SIZE    =   ----    ----
   XDATA SIZE       =   ----    ----
   PDATA SIZE       =   ----    ----
   DATA SIZE        =   ----    ----
   IDATA SIZE       =   ----    ----
   BIT SIZE         =   ----    ----
END OF MODULE INFORMATION.


C51 COMPILATION COMPLETE.  0 WARNING(S),  0 ERROR(S)
