C51 COMPILER V9.59.0.0   MAIN                                                              11/21/2024 22:24:31 PAGE 1   


C51 COMPILER V9.59.0.0, COMPILATION OF MODULE MAIN
OBJECT MODULE PLACED IN .\Objects\main.obj
COMPILER INVOKED BY: D:\RJ\Keil5\C51\BIN\C51.EXE main.c OPTIMIZE(8,SPEED) BROWSE INCDIR(D:\RJ\Keil5\C51\INC;D:\RJ\Keil5\
                    -C51\INC\Atmel) DEBUG OBJECTEXTEND PRINT(.\Listings\main.lst) TABS(2) OBJECT(.\Objects\main.obj)

line level    source

   1          #include "Delay.h"
   2          
   3          #define SPEED 500
   4          
   5          // 音符与索引对应表，P：休止符，L：低音，M：中音，H：高音，下划线：升半音
             -符号#
   6          #define P 0
   7          #define L1 1
   8          #define L1_ 2
   9          #define L2 3
  10          #define L2_ 4
  11          #define L3 5
  12          #define L4 6
  13          #define L4_ 7
  14          #define L5 8
  15          #define L5_ 9
  16          #define L6 10
  17          #define L6_ 11
  18          #define L7 12
  19          #define M1 13
  20          #define M1_ 14
  21          #define M2 15
  22          #define M2_ 16
  23          #define M3 17
  24          #define M4 18
  25          #define M4_ 19
  26          #define M5 20
  27          #define M5_ 21
  28          #define M6 22
  29          #define M6_ 23
  30          #define M7 24
  31          #define H1 25
  32          #define H1_ 26
  33          #define H2 27
  34          #define H2_ 28
  35          #define H3 29
  36          #define H4 30
  37          #define H4_ 31
  38          #define H5 32
  39          #define H5_ 33
  40          #define H6 34
  41          #define H6_ 35
  42          #define H7 36
  43          
  44          //索引与频率对照表
  45          unsigned int FreqTable[]={
  46            0,
  47            63628,63731,63835,63928,64021,64103,64185,64260,64331,64400,64463,64528,
  48            64580,64633,64684,64732,64777,64820,64860,64898,64934,64968,65000,65030,
  49            65058,65085,65110,65134,65157,65178,65198,65217,65235,65252,65268,65283,
  50          };
  51          
  52          //音乐：天空之城
  53          // unsigned char code Music[] = {
C51 COMPILER V9.59.0.0   MAIN                                                              11/21/2024 22:24:31 PAGE 2   

  54          //  // 注意这里数组过大，RAM（共512B）存不下，会报错：SEGMENT TOO LARGE
  55          //  // 所以需要用code转到ROM（共8K）中存
  56          //  // 1
  57          //  P, 4,
  58          //  P, 4,
  59          //  P, 4,
  60          //  M6, 2,
  61          //  M7, 2,
  62          
  63          //  H1, 4 + 2,
  64          //  M7, 2,
  65          //  H1, 4,
  66          //  H3, 4,
  67          
  68          //  M7, 4 + 4 + 4,
  69          //  M3, 2,
  70          //  M3, 2,
  71          
  72          //  // 2
  73          //  M6, 4 + 2,
  74          //  M5, 2,
  75          //  M6, 4,
  76          //  H1, 4,
  77          
  78          //  M5, 4 + 4 + 4,
  79          //  M3, 4,
  80          
  81          //  M4, 4 + 2,
  82          //  M3, 2,
  83          //  M4, 4,
  84          //  H1, 4,
  85          
  86          //  // 3
  87          //  M3, 4 + 4,
  88          //  P, 2,
  89          //  H1, 2,
  90          //  H1, 2,
  91          //  H1, 2,
  92          
  93          //  M7, 4 + 2,
  94          //  M4_, 2,
  95          //  M4_, 4,
  96          //  M7, 4,
  97          
  98          //  M7, 8,
  99          //  P, 4,
 100          //  M6, 2,
 101          //  M7, 2,
 102          
 103          //  // 4
 104          //  H1, 4 + 2,
 105          //  M7, 2,
 106          //  H1, 4,
 107          //  H3, 4,
 108          
 109          //  M7, 4 + 4 + 4,
 110          //  M3, 2,
 111          //  M3, 2,
 112          
 113          //  M6, 4 + 2,
 114          //  M5, 2,
 115          //  M6, 4,
C51 COMPILER V9.59.0.0   MAIN                                                              11/21/2024 22:24:31 PAGE 3   

 116          //  H1, 4,
 117          
 118          //  // 5
 119          //  M5, 4 + 4 + 4,
 120          //  M2, 2,
 121          //  M3, 2,
 122          
 123          //  M4, 4,
 124          //  H1, 2,
 125          //  M7, 2 + 2,
 126          //  H1, 2 + 4,
 127          
 128          //  H2, 2,
 129          //  H2, 2,
 130          //  H3, 2,
 131          //  H1, 2 + 4 + 4,
 132          
 133          //  // 6
 134          //  H1, 2,
 135          //  M7, 2,
 136          //  M6, 2,
 137          //  M6, 2,
 138          //  M7, 4,
 139          //  M5_, 4,
 140          
 141          //  M6, 4 + 4 + 4,
 142          //  H1, 2,
 143          //  H2, 2,
 144          
 145          //  H3, 4 + 2,
 146          //  H2, 2,
 147          //  H3, 4,
 148          //  H5, 4,
 149          
 150          //  // 7
 151          //  H2, 4 + 4 + 4,
 152          //  M5, 2,
 153          //  M5, 2,
 154          
 155          //  H1, 4 + 2,
 156          //  M7, 2,
 157          //  H1, 4,
 158          //  H3, 4,
 159          
 160          //  H3, 4 + 4 + 4 + 4,
 161          
 162          //  // 8
 163          //  M6, 2,
 164          //  M7, 2,
 165          //  H1, 4,
 166          //  M7, 4,
 167          //  H2, 2,
 168          //  H2, 2,
 169          
 170          //  H1, 4 + 2,
 171          //  M5, 2 + 4 + 4,
 172          
 173          //  H4, 4,
 174          //  H3, 4,
 175          //  H3, 4,
 176          //  H1, 4,
 177          
C51 COMPILER V9.59.0.0   MAIN                                                              11/21/2024 22:24:31 PAGE 4   

 178          //  // 9
 179          //  H3, 4 + 4 + 4,
 180          //  H3, 4,
 181          
 182          //  H6, 4 + 4,
 183          //  H5, 4,
 184          //  H5, 4,
 185          
 186          //  H3, 2,
 187          //  H2, 2,
 188          //  H1, 4 + 4,
 189          //  P, 2,
 190          //  H1, 2,
 191          
 192          //  // 10
 193          //  H2, 4,
 194          //  H1, 2,
 195          //  H2, 2,
 196          //  H2, 4,
 197          //  H5, 4,
 198          
 199          //  H3, 4 + 4 + 4,
 200          //  H3, 4,
 201          
 202          //  H6, 4 + 4,
 203          //  H5, 4 + 4,
 204          
 205          //  // 11
 206          //  H3, 2,
 207          //  H2, 2,
 208          //  H1, 4 + 4,
 209          //  P, 2,
 210          //  H1, 2,
 211          
 212          //  H2, 4,
 213          //  H1, 2,
 214          //  H2, 2 + 4,
 215          //  M7, 4,
 216          
 217          //  M6, 4 + 4 + 4,
 218          //  P, 4,
 219          
 220          //  0xFF, // 音乐播放完的终止判断
 221          // };
 222          
 223          // 音乐：小星星
 224          unsigned char code Music[] = {
 225            13, 4,
 226            13, 4,
 227            20, 4,
 228            20, 4,
 229            22, 4,
 230            22, 4,
 231            20, 4 + 4,
 232            18, 4,
 233            18, 4,
 234            17, 4,
 235            17, 4,
 236            15, 4,
 237            15, 4,
 238            13, 4 + 4,
 239            20, 4,
C51 COMPILER V9.59.0.0   MAIN                                                              11/21/2024 22:24:31 PAGE 5   

 240            20, 4,
 241            18, 4,
 242            18, 4,
 243            17, 4,
 244            17, 4,
 245            15, 4 + 4,
 246            20, 4,
 247            20, 4,
 248            18, 4,
 249            18, 4,
 250            17, 4,
 251            17, 4,
 252            15, 4 + 4,
 253            13, 4,
 254            13, 4,
 255            20, 4,
 256            20, 4,
 257            22, 4,
 258            22, 4,
 259            20, 4 + 4,
 260            18, 4,
 261            18, 4,
 262            17, 4,
 263            17, 4,
 264            15, 4,
 265            15, 4,
 266            13, 4 + 4,
 267          
 268            0xFF,//音乐播放完的终止判断
 269            };
 270          
 271          unsigned char FrequSelect = 0;
 272          unsigned char MusicSelect = 0;
 273          
 274          void main()
 275          {
 276   1        Timer0Init();
 277   1        while (1)
 278   1        {
 279   2          if (Music[MusicSelect]!=0xFF)
 280   2          {
 281   3            FrequSelect = Music[MusicSelect];
 282   3            MusicSelect++;
 283   3            Delay(SPEED / 4 * Music[MusicSelect]);
 284   3            MusicSelect++;
 285   3            TR0 = 0;
 286   3            Delay(5);
 287   3            TR0 = 1;
 288   3          }
 289   2          else
 290   2          {
 291   3            TR0 = 0;
 292   3            while(1);
 293   3          }
 294   2        }
 295   1      }
 296          
 297          void Timer0_Routine() interrupt 1 
 298          {
 299   1        if (FreqTable[FrequSelect])
 300   1        {
 301   2          TH0 = FreqTable[FrequSelect] / 256;
C51 COMPILER V9.59.0.0   MAIN                                                              11/21/2024 22:24:31 PAGE 6   

 302   2          TL0 = FreqTable[FrequSelect] % 256;
 303   2          Buzzer = !Buzzer;
 304   2        }
 305   1      }


MODULE INFORMATION:   STATIC OVERLAYABLE
   CODE SIZE        =    116    ----
   CONSTANT SIZE    =     85    ----
   XDATA SIZE       =   ----    ----
   PDATA SIZE       =   ----    ----
   DATA SIZE        =     76    ----
   IDATA SIZE       =   ----    ----
   BIT SIZE         =   ----    ----
END OF MODULE INFORMATION.


C51 COMPILATION COMPLETE.  0 WARNING(S),  0 ERROR(S)
